{
  "version": "1.5.0",
  "plugins_used": [
    {
      "name": "ArtifactoryDetector"
    },
    {
      "name": "AWSKeyDetector"
    },
    {
      "name": "AzureStorageKeyDetector"
    },
    {
      "name": "Base64HighEntropyString",
      "limit": 4.5
    },
    {
      "name": "BasicAuthDetector"
    },
    {
      "name": "CloudantDetector"
    },
    {
      "name": "DiscordBotTokenDetector"
    },
    {
      "name": "GitHubTokenDetector"
    },
    {
      "name": "GitLabTokenDetector"
    },
    {
      "name": "HexHighEntropyString",
      "limit": 3.0
    },
    {
      "name": "IbmCloudIamDetector"
    },
    {
      "name": "IbmCosHmacDetector"
    },
    {
      "name": "IPPublicDetector"
    },
    {
      "name": "JwtTokenDetector"
    },
    {
      "name": "KeywordDetector",
      "keyword_exclude": ""
    },
    {
      "name": "MailchimpDetector"
    },
    {
      "name": "NpmDetector"
    },
    {
      "name": "OpenAIDetector"
    },
    {
      "name": "PrivateKeyDetector"
    },
    {
      "name": "PypiTokenDetector"
    },
    {
      "name": "SendGridDetector"
    },
    {
      "name": "SlackDetector"
    },
    {
      "name": "SoftlayerDetector"
    },
    {
      "name": "SquareOAuthDetector"
    },
    {
      "name": "StripeDetector"
    },
    {
      "name": "TelegramBotTokenDetector"
    },
    {
      "name": "TwilioKeyDetector"
    }
  ],
  "filters_used": [
    {
      "path": "detect_secrets.filters.allowlist.is_line_allowlisted"
    },
    {
      "path": "detect_secrets.filters.common.is_ignored_due_to_verification_policies",
      "min_level": 2
    },
    {
      "path": "detect_secrets.filters.heuristic.is_indirect_reference"
    },
    {
      "path": "detect_secrets.filters.heuristic.is_likely_id_string"
    },
    {
      "path": "detect_secrets.filters.heuristic.is_lock_file"
    },
    {
      "path": "detect_secrets.filters.heuristic.is_not_alphanumeric_string"
    },
    {
      "path": "detect_secrets.filters.heuristic.is_potential_uuid"
    },
    {
      "path": "detect_secrets.filters.heuristic.is_prefixed_with_dollar_sign"
    },
    {
      "path": "detect_secrets.filters.heuristic.is_sequential_string"
    },
    {
      "path": "detect_secrets.filters.heuristic.is_swagger_file"
    },
    {
      "path": "detect_secrets.filters.heuristic.is_templated_secret"
    },
    {
      "path": "detect_secrets.filters.regex.should_exclude_file",
      "pattern": [
        "\\.env\\.example$",
        "\\.secrets\\.baseline$",
        "node_modules/",
        "\\.git/"
      ]
    }
  ],
  "results": {
    ".github\\workflows\\comprehensive-testing.yml": [
      {
        "type": "Secret Keyword",
        "filename": ".github\\workflows\\comprehensive-testing.yml",
        "hashed_secret": "afc848c316af1a89d49826c5ae9d00ed769415f3",
        "is_verified": false,
        "line_number": 106
      },
      {
        "type": "Basic Auth Credentials",
        "filename": ".github\\workflows\\comprehensive-testing.yml",
        "hashed_secret": "afc848c316af1a89d49826c5ae9d00ed769415f3",
        "is_verified": false,
        "line_number": 142
      }
    ],
    "COMPREHENSIVE_TESTING_STRATEGY.md": [
      {
        "type": "Secret Keyword",
        "filename": "COMPREHENSIVE_TESTING_STRATEGY.md",
        "hashed_secret": "463d8353f4b927fd953e5af7c41084183e8ce5fb",
        "is_verified": false,
        "line_number": 836
      }
    ],
    "backend\\alembic.ini": [
      {
        "type": "Basic Auth Credentials",
        "filename": "backend\\alembic.ini",
        "hashed_secret": "34c6fceca75e456f25e7e99531e2425c6c1de443",
        "is_verified": false,
        "line_number": 87
      }
    ],
    "backend\\alembic\\versions\\653b628c91ce_initial_database_schema.py": [
      {
        "type": "Hex High Entropy String",
        "filename": "backend\\alembic\\versions\\653b628c91ce_initial_database_schema.py",
        "hashed_secret": "c71953137ff24bd94d6e743c192ff873505ec2a9",
        "is_verified": false,
        "line_number": 15
      }
    ],
    "backend\\app\\core\\audit.py": [
      {
        "type": "Secret Keyword",
        "filename": "backend\\app\\core\\audit.py",
        "hashed_secret": "94732424e16be827cd46aa294394ab3ce93b55f4",
        "is_verified": false,
        "line_number": 24
      }
    ],
    "backend\\app\\core\\database.py": [
      {
        "type": "Basic Auth Credentials",
        "filename": "backend\\app\\core\\database.py",
        "hashed_secret": "34c6fceca75e456f25e7e99531e2425c6c1de443",
        "is_verified": false,
        "line_number": 18
      }
    ],
    "backend\\app\\core\\exceptions.py": [
      {
        "type": "Secret Keyword",
        "filename": "backend\\app\\core\\exceptions.py",
        "hashed_secret": "7e6be74dc5c8c19da77c280c6794ed09e7e0ad7c",
        "is_verified": false,
        "line_number": 21
      }
    ],
    "backend\\conftest.py": [
      {
        "type": "Secret Keyword",
        "filename": "backend\\conftest.py",
        "hashed_secret": "382caa7c44ee23ee25616f7e303af33c591efc3a",
        "is_verified": false,
        "line_number": 121
      }
    ],
    "backend\\integration_tests\\test_api_integration.py": [
      {
        "type": "Secret Keyword",
        "filename": "backend\\integration_tests\\test_api_integration.py",
        "hashed_secret": "0c6ba03885f3aae765fbf20f07f514a44dbda30a",
        "is_verified": false,
        "line_number": 54
      },
      {
        "type": "Secret Keyword",
        "filename": "backend\\integration_tests\\test_api_integration.py",
        "hashed_secret": "f409ce90a1cd144912d1df8620215b2dc9fda731",
        "is_verified": false,
        "line_number": 76
      },
      {
        "type": "Secret Keyword",
        "filename": "backend\\integration_tests\\test_api_integration.py",
        "hashed_secret": "cbfdac6008f9cab4083784cbd1874f76618d2a97",
        "is_verified": false,
        "line_number": 285
      }
    ],
    "backend\\performance_tests\\test_load_performance.py": [
      {
        "type": "Secret Keyword",
        "filename": "backend\\performance_tests\\test_load_performance.py",
        "hashed_secret": "cbfdac6008f9cab4083784cbd1874f76618d2a97",
        "is_verified": false,
        "line_number": 450
      }
    ],
    "backend\\security_tests\\test_security_vulnerabilities.py": [
      {
        "type": "Secret Keyword",
        "filename": "backend\\security_tests\\test_security_vulnerabilities.py",
        "hashed_secret": "cbfdac6008f9cab4083784cbd1874f76618d2a97",
        "is_verified": false,
        "line_number": 45
      },
      {
        "type": "Secret Keyword",
        "filename": "backend\\security_tests\\test_security_vulnerabilities.py",
        "hashed_secret": "463d8353f4b927fd953e5af7c41084183e8ce5fb",
        "is_verified": false,
        "line_number": 118
      },
      {
        "type": "Secret Keyword",
        "filename": "backend\\security_tests\\test_security_vulnerabilities.py",
        "hashed_secret": "e8662cfb96bd9c7fe84c31d76819ec3a92c80e63",
        "is_verified": false,
        "line_number": 319
      },
      {
        "type": "Secret Keyword",
        "filename": "backend\\security_tests\\test_security_vulnerabilities.py",
        "hashed_secret": "8867c88b56e0bfb82cffaf15a66bc8d107d6754a",
        "is_verified": false,
        "line_number": 359
      },
      {
        "type": "Secret Keyword",
        "filename": "backend\\security_tests\\test_security_vulnerabilities.py",
        "hashed_secret": "5baa61e4c9b93f3f0682250b6cf8331b7ee68fd8",
        "is_verified": false,
        "line_number": 361
      },
      {
        "type": "Secret Keyword",
        "filename": "backend\\security_tests\\test_security_vulnerabilities.py",
        "hashed_secret": "382caa7c44ee23ee25616f7e303af33c591efc3a",
        "is_verified": false,
        "line_number": 510
      }
    ],
    "backend\\tests\\integration\\test_comprehensive_integration.py": [
      {
        "type": "Secret Keyword",
        "filename": "backend\\tests\\integration\\test_comprehensive_integration.py",
        "hashed_secret": "463d8353f4b927fd953e5af7c41084183e8ce5fb",
        "is_verified": false,
        "line_number": 82
      }
    ],
    "backend\\tests\\integration\\test_comprehensive_integration_perfect.py": [
      {
        "type": "Secret Keyword",
        "filename": "backend\\tests\\integration\\test_comprehensive_integration_perfect.py",
        "hashed_secret": "72559b51f94a7a3ad058c5740cbe2f7cb0d4080b",
        "is_verified": false,
        "line_number": 48
      }
    ],
    "backend\\tests\\integration\\test_integration_perfect.py": [
      {
        "type": "Secret Keyword",
        "filename": "backend\\tests\\integration\\test_integration_perfect.py",
        "hashed_secret": "cbfdac6008f9cab4083784cbd1874f76618d2a97",
        "is_verified": false,
        "line_number": 173
      },
      {
        "type": "Secret Keyword",
        "filename": "backend\\tests\\integration\\test_integration_perfect.py",
        "hashed_secret": "72559b51f94a7a3ad058c5740cbe2f7cb0d4080b",
        "is_verified": false,
        "line_number": 297
      }
    ],
    "backend\\tests\\security\\test_security_comprehensive.py": [
      {
        "type": "Secret Keyword",
        "filename": "backend\\tests\\security\\test_security_comprehensive.py",
        "hashed_secret": "e3c65a26f053964bcd60c943433523c3537a49df",
        "is_verified": false,
        "line_number": 73
      },
      {
        "type": "Secret Keyword",
        "filename": "backend\\tests\\security\\test_security_comprehensive.py",
        "hashed_secret": "382caa7c44ee23ee25616f7e303af33c591efc3a",
        "is_verified": false,
        "line_number": 186
      },
      {
        "type": "Secret Keyword",
        "filename": "backend\\tests\\security\\test_security_comprehensive.py",
        "hashed_secret": "d8ecf7db8fc9ec9c31bc5c9ae2929cc599c75f8d",
        "is_verified": false,
        "line_number": 707
      }
    ],
    "backend\\tests\\unit\\test_api_endpoints_comprehensive.py": [
      {
        "type": "Secret Keyword",
        "filename": "backend\\tests\\unit\\test_api_endpoints_comprehensive.py",
        "hashed_secret": "463d8353f4b927fd953e5af7c41084183e8ce5fb",
        "is_verified": false,
        "line_number": 49
      },
      {
        "type": "Secret Keyword",
        "filename": "backend\\tests\\unit\\test_api_endpoints_comprehensive.py",
        "hashed_secret": "1ded3053d0363079a4e681a3b700435d6d880290",
        "is_verified": false,
        "line_number": 79
      },
      {
        "type": "Secret Keyword",
        "filename": "backend\\tests\\unit\\test_api_endpoints_comprehensive.py",
        "hashed_secret": "9da133c45f71d2bb9d5eb7cfa6fce7cdb6a215b5",
        "is_verified": false,
        "line_number": 143
      },
      {
        "type": "Secret Keyword",
        "filename": "backend\\tests\\unit\\test_api_endpoints_comprehensive.py",
        "hashed_secret": "73027c15d2f0904f8823803d682795f029da84c9",
        "is_verified": false,
        "line_number": 245
      },
      {
        "type": "Secret Keyword",
        "filename": "backend\\tests\\unit\\test_api_endpoints_comprehensive.py",
        "hashed_secret": "e42162b52ade6af27b73ab86415b40d52ae2cc6d",
        "is_verified": false,
        "line_number": 246
      }
    ],
    "backend\\tests\\unit\\test_auth_service.py": [
      {
        "type": "Secret Keyword",
        "filename": "backend\\tests\\unit\\test_auth_service.py",
        "hashed_secret": "f409ce90a1cd144912d1df8620215b2dc9fda731",
        "is_verified": false,
        "line_number": 30
      },
      {
        "type": "Secret Keyword",
        "filename": "backend\\tests\\unit\\test_auth_service.py",
        "hashed_secret": "cbfdac6008f9cab4083784cbd1874f76618d2a97",
        "is_verified": false,
        "line_number": 55
      },
      {
        "type": "Secret Keyword",
        "filename": "backend\\tests\\unit\\test_auth_service.py",
        "hashed_secret": "e8662cfb96bd9c7fe84c31d76819ec3a92c80e63",
        "is_verified": false,
        "line_number": 119
      },
      {
        "type": "Secret Keyword",
        "filename": "backend\\tests\\unit\\test_auth_service.py",
        "hashed_secret": "5a0aee0f3af308cd6d74d617fde6592c2bc94fa3",
        "is_verified": false,
        "line_number": 306
      }
    ],
    "backend\\tests\\unit\\test_core_modules_perfect.py": [
      {
        "type": "Basic Auth Credentials",
        "filename": "backend\\tests\\unit\\test_core_modules_perfect.py",
        "hashed_secret": "34c6fceca75e456f25e7e99531e2425c6c1de443",
        "is_verified": false,
        "line_number": 46
      },
      {
        "type": "Secret Keyword",
        "filename": "backend\\tests\\unit\\test_core_modules_perfect.py",
        "hashed_secret": "9fb7fe1217aed442b04c0f5e43b5d5a7d3287097",
        "is_verified": false,
        "line_number": 185
      }
    ],
    "backend\\tests\\unit\\test_schemas_comprehensive.py": [
      {
        "type": "Secret Keyword",
        "filename": "backend\\tests\\unit\\test_schemas_comprehensive.py",
        "hashed_secret": "463d8353f4b927fd953e5af7c41084183e8ce5fb",
        "is_verified": false,
        "line_number": 28
      },
      {
        "type": "Secret Keyword",
        "filename": "backend\\tests\\unit\\test_schemas_comprehensive.py",
        "hashed_secret": "73027c15d2f0904f8823803d682795f029da84c9",
        "is_verified": false,
        "line_number": 295
      },
      {
        "type": "Secret Keyword",
        "filename": "backend\\tests\\unit\\test_schemas_comprehensive.py",
        "hashed_secret": "e42162b52ade6af27b73ab86415b40d52ae2cc6d",
        "is_verified": false,
        "line_number": 296
      },
      {
        "type": "Secret Keyword",
        "filename": "backend\\tests\\unit\\test_schemas_comprehensive.py",
        "hashed_secret": "4f700a01520b06b5f046caee252fc9c0baaee06b",
        "is_verified": false,
        "line_number": 313
      },
      {
        "type": "Secret Keyword",
        "filename": "backend\\tests\\unit\\test_schemas_comprehensive.py",
        "hashed_secret": "1ded3053d0363079a4e681a3b700435d6d880290",
        "is_verified": false,
        "line_number": 320
      },
      {
        "type": "Secret Keyword",
        "filename": "backend\\tests\\unit\\test_schemas_comprehensive.py",
        "hashed_secret": "26bb3079de557d86f697d52dfd19db47e80a5ef8",
        "is_verified": false,
        "line_number": 327
      }
    ],
    "backend\\tests\\unit\\test_services_comprehensive.py": [
      {
        "type": "Secret Keyword",
        "filename": "backend\\tests\\unit\\test_services_comprehensive.py",
        "hashed_secret": "463d8353f4b927fd953e5af7c41084183e8ce5fb",
        "is_verified": false,
        "line_number": 58
      },
      {
        "type": "Secret Keyword",
        "filename": "backend\\tests\\unit\\test_services_comprehensive.py",
        "hashed_secret": "9da133c45f71d2bb9d5eb7cfa6fce7cdb6a215b5",
        "is_verified": false,
        "line_number": 118
      },
      {
        "type": "Secret Keyword",
        "filename": "backend\\tests\\unit\\test_services_comprehensive.py",
        "hashed_secret": "73027c15d2f0904f8823803d682795f029da84c9",
        "is_verified": false,
        "line_number": 167
      },
      {
        "type": "Secret Keyword",
        "filename": "backend\\tests\\unit\\test_services_comprehensive.py",
        "hashed_secret": "e42162b52ade6af27b73ab86415b40d52ae2cc6d",
        "is_verified": false,
        "line_number": 168
      },
      {
        "type": "Secret Keyword",
        "filename": "backend\\tests\\unit\\test_services_comprehensive.py",
        "hashed_secret": "98e540ffae8223c143f1453da4c8604ca943213e",
        "is_verified": false,
        "line_number": 396
      },
      {
        "type": "Secret Keyword",
        "filename": "backend\\tests\\unit\\test_services_comprehensive.py",
        "hashed_secret": "35dac3919805bfcc03808b08059774e38b146b3c",
        "is_verified": false,
        "line_number": 457
      },
      {
        "type": "Secret Keyword",
        "filename": "backend\\tests\\unit\\test_services_comprehensive.py",
        "hashed_secret": "767ef7376d44bb6e52b390ddcd12c1cb1b3902a4",
        "is_verified": false,
        "line_number": 987
      },
      {
        "type": "Secret Keyword",
        "filename": "backend\\tests\\unit\\test_services_comprehensive.py",
        "hashed_secret": "e982d40b4d21ff33baf47c3f9e214134beb91fb3",
        "is_verified": false,
        "line_number": 1310
      }
    ],
    "backend\\tests\\unit\\test_services_perfect.py": [
      {
        "type": "Secret Keyword",
        "filename": "backend\\tests\\unit\\test_services_perfect.py",
        "hashed_secret": "72559b51f94a7a3ad058c5740cbe2f7cb0d4080b",
        "is_verified": false,
        "line_number": 38
      }
    ],
    "docker-compose.dev.yml": [
      {
        "type": "Secret Keyword",
        "filename": "docker-compose.dev.yml",
        "hashed_secret": "34c6fceca75e456f25e7e99531e2425c6c1de443",
        "is_verified": false,
        "line_number": 10
      }
    ],
    "docs\\DEPLOYMENT_GUIDE.md": [
      {
        "type": "Secret Keyword",
        "filename": "docs\\DEPLOYMENT_GUIDE.md",
        "hashed_secret": "1ac046d38cac4e92968c999d5ab1fa9ebeb2022e",
        "is_verified": false,
        "line_number": 103
      },
      {
        "type": "Basic Auth Credentials",
        "filename": "docs\\DEPLOYMENT_GUIDE.md",
        "hashed_secret": "1ac046d38cac4e92968c999d5ab1fa9ebeb2022e",
        "is_verified": false,
        "line_number": 187
      },
      {
        "type": "Secret Keyword",
        "filename": "docs\\DEPLOYMENT_GUIDE.md",
        "hashed_secret": "501dc5047dee08296e5ee5203e01d1e03a32d73a",
        "is_verified": false,
        "line_number": 189
      },
      {
        "type": "Basic Auth Credentials",
        "filename": "docs\\DEPLOYMENT_GUIDE.md",
        "hashed_secret": "5baa61e4c9b93f3f0682250b6cf8331b7ee68fd8",
        "is_verified": false,
        "line_number": 267
      },
      {
        "type": "Secret Keyword",
        "filename": "docs\\DEPLOYMENT_GUIDE.md",
        "hashed_secret": "72559b51f94a7a3ad058c5740cbe2f7cb0d4080b",
        "is_verified": false,
        "line_number": 366
      }
    ],
    "docs\\Production Readiness Implementation Plan.md": [
      {
        "type": "Basic Auth Credentials",
        "filename": "docs\\Production Readiness Implementation Plan.md",
        "hashed_secret": "5baa61e4c9b93f3f0682250b6cf8331b7ee68fd8",
        "is_verified": false,
        "line_number": 25
      },
      {
        "type": "Basic Auth Credentials",
        "filename": "docs\\Production Readiness Implementation Plan.md",
        "hashed_secret": "a94a8fe5ccb19ba61c4c0873d391e987982fbbd3",
        "is_verified": false,
        "line_number": 797
      },
      {
        "type": "Secret Keyword",
        "filename": "docs\\Production Readiness Implementation Plan.md",
        "hashed_secret": "d3bab072b7a8e103a56333107c60042415b78a1b",
        "is_verified": false,
        "line_number": 823
      }
    ],
    "docs\\development-setup.md": [
      {
        "type": "Basic Auth Credentials",
        "filename": "docs\\development-setup.md",
        "hashed_secret": "5baa61e4c9b93f3f0682250b6cf8331b7ee68fd8",
        "is_verified": false,
        "line_number": 259
      }
    ],
    "frontend\\src\\components\\auth\\LoginForm.test.tsx": [
      {
        "type": "Secret Keyword",
        "filename": "frontend\\src\\components\\auth\\LoginForm.test.tsx",
        "hashed_secret": "cbfdac6008f9cab4083784cbd1874f76618d2a97",
        "is_verified": false,
        "line_number": 90
      }
    ],
    "infrastructure\\kubernetes\\production\\backend-deployment.yaml": [
      {
        "type": "Secret Keyword",
        "filename": "infrastructure\\kubernetes\\production\\backend-deployment.yaml",
        "hashed_secret": "46061d414c719517061f40617427a70e79bcf28c",
        "is_verified": false,
        "line_number": 124
      }
    ],
    "infrastructure\\kubernetes\\production\\frontend-deployment.yaml": [
      {
        "type": "Secret Keyword",
        "filename": "infrastructure\\kubernetes\\production\\frontend-deployment.yaml",
        "hashed_secret": "46061d414c719517061f40617427a70e79bcf28c",
        "is_verified": false,
        "line_number": 112
      }
    ]
  },
  "generated_at": "2026-04-07T00:51:41Z"
}
